
> sadovnikdiary3@1.0.0 web
> expo start --web --port 8082

Starting project at C:\projects\SadovnikDiary3
Starting Metro Bundler
Waiting on http://localhost:8082
Logs for your project will appear below.
Web Bundled 1852ms index.js (219 modules)
 LOG  [web] Logs will appear in the browser console
Web .\index.js ░░░░░░░░░░░░░░░░  0.0% (0/1)
Web Bundled 38ms index.js (1 module)
 LOG  [web] Logs will appear in the browser console
Web .\index.js ░░░░░░░░░░░░░░░░  0.0% (0/1)
Web Bundled 37ms index.js (1 module)
 LOG  [web] Logs will appear in the browser console
 ERROR  SyntaxError: C:\projects\SadovnikDiary3\App.jsx: Identifier 'getStatusOperationItems' has already been declared. (125:9)

  123 | }
  124 |
> 125 | function getStatusOperationItems(operation) {
      |          ^
  126 |   if (!operation) {
  127 |     return [];
  128 |   }
    at constructor (C:\projects\SadovnikDiary3\node_modules\@babel\parser\lib\index.js:365:19)
    at FlowParserMixin.raise (C:\projects\SadovnikDiary3\node_modules\@babel\parser\lib\index.js:6616:19)
    at FlowScopeHandler.checkRedeclarationInScope (C:\projects\SadovnikDiary3\node_modules\@babel\parser\lib\index.js:1619:19)
    at FlowScopeHandler.declareName (C:\projects\SadovnikDiary3\node_modules\@babel\parser\lib\index.js:1585:12)
    at FlowScopeHandler.declareName (C:\projects\SadovnikDiary3\node_modules\@babel\parser\lib\index.js:1686:11)
    at FlowParserMixin.registerFunctionStatementId (C:\projects\SadovnikDiary3\node_modules\@babel\parser\lib\index.js:13483:16)
    at FlowParserMixin.parseFunction (C:\projects\SadovnikDiary3\node_modules\@babel\parser\lib\index.js:13467:12)
    at FlowParserMixin.parseFunctionStatement (C:\projects\SadovnikDiary3\node_modules\@babel\parser\lib\index.js:13142:17)
    at FlowParserMixin.parseStatementContent (C:\projects\SadovnikDiary3\node_modules\@babel\parser\lib\index.js:12808:21)
    at FlowParserMixin.parseStatementLike (C:\projects\SadovnikDiary3\node_modules\@babel\parser\lib\index.js:12784:17)
    at FlowParserMixin.parseStatementLike (C:\projects\SadovnikDiary3\node_modules\@babel\parser\lib\index.js:2930:24)
    at FlowParserMixin.parseModuleItem (C:\projects\SadovnikDiary3\node_modules\@babel\parser\lib\index.js:12761:17)
    at FlowParserMixin.parseBlockOrModuleBlockBody (C:\projects\SadovnikDiary3\node_modules\@babel\parser\lib\index.js:13333:36)
    at FlowParserMixin.parseBlockBody (C:\projects\SadovnikDiary3\node_modules\@babel\parser\lib\index.js:13326:10)
    at FlowParserMixin.parseProgram (C:\projects\SadovnikDiary3\node_modules\@babel\parser\lib\index.js:12639:10)
    at FlowParserMixin.parseTopLevel (C:\projects\SadovnikDiary3\node_modules\@babel\parser\lib\index.js:12629:25)
    at FlowParserMixin.parseTopLevel (C:\projects\SadovnikDiary3\node_modules\@babel\parser\lib\index.js:3697:28)
    at FlowParserMixin.parse (C:\projects\SadovnikDiary3\node_modules\@babel\parser\lib\index.js:14505:25)
    at parse (C:\projects\SadovnikDiary3\node_modules\@babel\parser\lib\index.js:14518:26)
    at parser (C:\projects\SadovnikDiary3\node_modules\@babel\core\lib\parser\index.js:41:34)
    at parser.next (<anonymous>)
    at normalizeFile (C:\projects\SadovnikDiary3\node_modules\@babel\core\lib\transformation\normalize-file.js:64:37)
    at normalizeFile.next (<anonymous>)
    at run (C:\projects\SadovnikDiary3\node_modules\@babel\core\lib\transformation\index.js:22:50)
    at run.next (<anonymous>)
    at transform (C:\projects\SadovnikDiary3\node_modules\@babel\core\lib\transform.js:22:33)
    at transform.next (<anonymous>)
    at evaluateSync (C:\projects\SadovnikDiary3\node_modules\gensync\index.js:251:28)
    at sync (C:\projects\SadovnikDiary3\node_modules\gensync\index.js:89:14)
    at stopHiding - secret - don't use this - v1 (C:\projects\SadovnikDiary3\node_modules\@babel\core\lib\errors\rewrite-stack-trace.js:47:12)
    at Object.transformSync (C:\projects\SadovnikDiary3\node_modules\@babel\core\lib\transform.js:40:76)
    at parseWithBabel (C:\projects\SadovnikDiary3\node_modules\expo\node_modules\@expo\metro-config\build\transformSync.js:75:18)
    at transformSync (C:\projects\SadovnikDiary3\node_modules\expo\node_modules\@expo\metro-config\build\transformSync.js:64:12)
    at Object.transform (C:\projects\SadovnikDiary3\node_modules\expo\node_modules\@expo\metro-config\build\babel-transformer.js:127:58)
    at transformJSWithBabel (C:\projects\SadovnikDiary3\node_modules\expo\node_modules\@expo\metro-config\build\transform-worker\metro-transform-worker.js:468:47)
    at Object.transform (C:\projects\SadovnikDiary3\node_modules\expo\node_modules\@expo\metro-config\build\transform-worker\metro-transform-worker.js:583:12)
    at Object.transform (C:\projects\SadovnikDiary3\node_modules\expo\node_modules\@expo\metro-config\build\transform-worker\transform-worker.js:178:19)
    at transformFile (C:\projects\SadovnikDiary3\node_modules\metro\src\DeltaBundler\Worker.flow.js:67:36)
    at Object.transform (C:\projects\SadovnikDiary3\node_modules\metro\src\DeltaBundler\Worker.flow.js:42:10)
    at execFunction (C:\projects\SadovnikDiary3\node_modules\jest-worker\build\workers\processChild.js:149:17)
    at execHelper (C:\projects\SadovnikDiary3\node_modules\jest-worker\build\workers\processChild.js:137:5)
    at execMethod (C:\projects\SadovnikDiary3\node_modules\jest-worker\build\workers\processChild.js:140:5)
    at process.messageListener (C:\projects\SadovnikDiary3\node_modules\jest-worker\build\workers\processChild.js:44:7)
    at process.emit (node:events:508:28)
    at emit (node:internal/child_process:949:14)
    at process.processTicksAndRejections (node:internal/process/task_queues:90:21)
 ERROR  SyntaxError: C:\projects\SadovnikDiary3\App.jsx: Identifier 'canEditIdentityFields' has already been declared. (130:9)

  128 | }
  129 |
> 130 | function canEditIdentityFields(user, card) {
      |          ^
  131 |   if (!card?.qrPrinted) {
  132 |     return true;
  133 |   }
    at constructor (C:\projects\SadovnikDiary3\node_modules\@babel\parser\lib\index.js:365:19)
    at FlowParserMixin.raise (C:\projects\SadovnikDiary3\node_modules\@babel\parser\lib\index.js:6616:19)
    at FlowScopeHandler.checkRedeclarationInScope (C:\projects\SadovnikDiary3\node_modules\@babel\parser\lib\index.js:1619:19)
    at FlowScopeHandler.declareName (C:\projects\SadovnikDiary3\node_modules\@babel\parser\lib\index.js:1585:12)
    at FlowScopeHandler.declareName (C:\projects\SadovnikDiary3\node_modules\@babel\parser\lib\index.js:1686:11)
    at FlowParserMixin.registerFunctionStatementId (C:\projects\SadovnikDiary3\node_modules\@babel\parser\lib\index.js:13483:16)
    at FlowParserMixin.parseFunction (C:\projects\SadovnikDiary3\node_modules\@babel\parser\lib\index.js:13467:12)
    at FlowParserMixin.parseFunctionStatement (C:\projects\SadovnikDiary3\node_modules\@babel\parser\lib\index.js:13142:17)
    at FlowParserMixin.parseStatementContent (C:\projects\SadovnikDiary3\node_modules\@babel\parser\lib\index.js:12808:21)
    at FlowParserMixin.parseStatementLike (C:\projects\SadovnikDiary3\node_modules\@babel\parser\lib\index.js:12784:17)
    at FlowParserMixin.parseStatementLike (C:\projects\SadovnikDiary3\node_modules\@babel\parser\lib\index.js:2930:24)
    at FlowParserMixin.parseModuleItem (C:\projects\SadovnikDiary3\node_modules\@babel\parser\lib\index.js:12761:17)
    at FlowParserMixin.parseBlockOrModuleBlockBody (C:\projects\SadovnikDiary3\node_modules\@babel\parser\lib\index.js:13333:36)
    at FlowParserMixin.parseBlockBody (C:\projects\SadovnikDiary3\node_modules\@babel\parser\lib\index.js:13326:10)
    at FlowParserMixin.parseProgram (C:\projects\SadovnikDiary3\node_modules\@babel\parser\lib\index.js:12639:10)
    at FlowParserMixin.parseTopLevel (C:\projects\SadovnikDiary3\node_modules\@babel\parser\lib\index.js:12629:25)
    at FlowParserMixin.parseTopLevel (C:\projects\SadovnikDiary3\node_modules\@babel\parser\lib\index.js:3697:28)
    at FlowParserMixin.parse (C:\projects\SadovnikDiary3\node_modules\@babel\parser\lib\index.js:14505:25)
    at parse (C:\projects\SadovnikDiary3\node_modules\@babel\parser\lib\index.js:14518:26)
    at parser (C:\projects\SadovnikDiary3\node_modules\@babel\core\lib\parser\index.js:41:34)
    at parser.next (<anonymous>)
    at normalizeFile (C:\projects\SadovnikDiary3\node_modules\@babel\core\lib\transformation\normalize-file.js:64:37)
    at normalizeFile.next (<anonymous>)
    at run (C:\projects\SadovnikDiary3\node_modules\@babel\core\lib\transformation\index.js:22:50)
    at run.next (<anonymous>)
    at transform (C:\projects\SadovnikDiary3\node_modules\@babel\core\lib\transform.js:22:33)
    at transform.next (<anonymous>)
    at evaluateSync (C:\projects\SadovnikDiary3\node_modules\gensync\index.js:251:28)
    at sync (C:\projects\SadovnikDiary3\node_modules\gensync\index.js:89:14)
    at stopHiding - secret - don't use this - v1 (C:\projects\SadovnikDiary3\node_modules\@babel\core\lib\errors\rewrite-stack-trace.js:47:12)
    at Object.transformSync (C:\projects\SadovnikDiary3\node_modules\@babel\core\lib\transform.js:40:76)
    at parseWithBabel (C:\projects\SadovnikDiary3\node_modules\expo\node_modules\@expo\metro-config\build\transformSync.js:75:18)
    at transformSync (C:\projects\SadovnikDiary3\node_modules\expo\node_modules\@expo\metro-config\build\transformSync.js:64:12)
    at Object.transform (C:\projects\SadovnikDiary3\node_modules\expo\node_modules\@expo\metro-config\build\babel-transformer.js:127:58)
    at transformJSWithBabel (C:\projects\SadovnikDiary3\node_modules\expo\node_modules\@expo\metro-config\build\transform-worker\metro-transform-worker.js:468:47)
    at Object.transform (C:\projects\SadovnikDiary3\node_modules\expo\node_modules\@expo\metro-config\build\transform-worker\metro-transform-worker.js:583:12)
    at Object.transform (C:\projects\SadovnikDiary3\node_modules\expo\node_modules\@expo\metro-config\build\transform-worker\transform-worker.js:178:19)
    at transformFile (C:\projects\SadovnikDiary3\node_modules\metro\src\DeltaBundler\Worker.flow.js:67:36)
    at Object.transform (C:\projects\SadovnikDiary3\node_modules\metro\src\DeltaBundler\Worker.flow.js:42:10)
    at execFunction (C:\projects\SadovnikDiary3\node_modules\jest-worker\build\workers\processChild.js:149:17)
    at execHelper (C:\projects\SadovnikDiary3\node_modules\jest-worker\build\workers\processChild.js:137:5)
    at execMethod (C:\projects\SadovnikDiary3\node_modules\jest-worker\build\workers\processChild.js:140:5)
    at process.messageListener (C:\projects\SadovnikDiary3\node_modules\jest-worker\build\workers\processChild.js:44:7)
    at process.emit (node:events:508:28)
    at emit (node:internal/child_process:949:14)
    at process.processTicksAndRejections (node:internal/process/task_queues:90:21)
