
> sadovnikdiary3@1.0.0 web
> expo start --web --port 8083

Starting project at C:\projects\SadovnikDiary3
Starting Metro Bundler
Waiting on http://localhost:8083
Logs for your project will appear below.
Web Bundled 505ms index.js (233 modules)
 LOG  [web] Logs will appear in the browser console
Web .\index.js ░░░░░░░░░░░░░░░░  0.0% (0/1)
Web Bundled 41ms index.js (1 module)
 LOG  [web] Logs will appear in the browser console
Web node_modules\expo\AppEntry.js ░░░░░░░░░░░░░░░░  0.0% (0/1)
Web Bundled 1830ms node_modules\expo\AppEntry.js (198 modules)
Web node_modules\expo\AppEntry.js ░░░░░░░░░░░░░░░░  0.0% (0/1)
Web Bundled 1466ms node_modules\expo\AppEntry.js (1 module)
Web node_modules\expo\AppEntry.js ░░░░░░░░░░░░░░░░  0.0% (0/1)
Web Bundled 682ms node_modules\expo\AppEntry.js (1 module)
Web node_modules\expo\AppEntry.js ░░░░░░░░░░░░░░░░  0.0% (0/1)
Web Bundled 610ms node_modules\expo\AppEntry.js (1 module)
Web node_modules\expo\AppEntry.js ░░░░░░░░░░░░░░░░  0.0% (0/1)
Web Bundled 756ms node_modules\expo\AppEntry.js (1 module)
Web node_modules\expo\AppEntry.js ░░░░░░░░░░░░░░░░  0.0% (0/1)
Web Bundled 560ms node_modules\expo\AppEntry.js (1 module)
Web node_modules\expo\AppEntry.js ░░░░░░░░░░░░░░░░  0.0% (0/1)
Web Bundled 660ms node_modules\expo\AppEntry.js (1 module)
Web node_modules\expo\AppEntry.js ░░░░░░░░░░░░░░░░  0.0% (0/1)
Web Bundled 666ms node_modules\expo\AppEntry.js (1 module)
Web node_modules\expo\AppEntry.js ░░░░░░░░░░░░░░░░  0.0% (0/1)
Web Bundled 555ms node_modules\expo\AppEntry.js (1 module)
Web node_modules\expo\AppEntry.js ░░░░░░░░░░░░░░░░  0.0% (0/1)
Web Bundled 614ms node_modules\expo\AppEntry.js (1 module)
Web node_modules\expo\AppEntry.js ░░░░░░░░░░░░░░░░  0.0% (0/1)
Web Bundled 594ms node_modules\expo\AppEntry.js (1 module)
Web node_modules\expo\AppEntry.js ░░░░░░░░░░░░░░░░  0.0% (0/1)
Web Bundled 1143ms node_modules\expo\AppEntry.js (1 module)
Web node_modules\expo\AppEntry.js ░░░░░░░░░░░░░░░░  0.0% (0/1)
Web Bundled 629ms node_modules\expo\AppEntry.js (1 module)
Web node_modules\expo\AppEntry.js ░░░░░░░░░░░░░░░░  0.0% (0/1)
Web Bundled 656ms node_modules\expo\AppEntry.js (1 module)
Web .\index.js ░░░░░░░░░░░░░░░░  0.0% (0/1)
Web Bundled 28ms index.js (1 module)
 LOG  [web] Logs will appear in the browser console
