Starting project at C:\projects\SadovnikDiary3
Starting Metro Bundler
Networking has been disabled
Waiting on http://localhost:8082
Logs for your project will appear below.
Web .\index.js ░░░░░░░░░░░░░░░░  5.5% ( 7/44)
Web .\index.js ▓▓▓▓▓▓▓▓▓░░░░░░░ 56.8% ( 68/100)
Web .\index.js ▓▓▓▓▓▓▓▓▓▓▓▓▓▓▓░ 99.1% (218/219)
Web Bundled 11726ms index.js (223 modules)
 LOG  [web] Logs will appear in the browser console
Web .\index.js ░░░░░░░░░░░░░░░░  0.0% (0/1)
Web Bundled 2209ms index.js (224 modules)
Web .\index.js ░░░░░░░░░░░░░░░░  0.0% (0/1)
Web Bundled 60ms index.js (1 module)
Web .\index.js ░░░░░░░░░░░░░░░░  0.0% (0/1)
Web Bundled 65ms index.js (1 module)
Web .\index.js ░░░░░░░░░░░░░░░░  0.0% (0/1)
Web Bundled 154ms index.js (1 module)
Web .\index.js ░░░░░░░░░░░░░░░░  0.0% (0/1)
Web Bundled 112ms index.js (1 module)
Web .\index.js ░░░░░░░░░░░░░░░░  0.0% (0/1)
Web Bundled 253ms index.js (1 module)
Web .\index.js ░░░░░░░░░░░░░░░░  0.0% (0/1)
Web Bundled 350ms index.js (1 module)
Web .\index.js ░░░░░░░░░░░░░░░░  0.0% (0/1)
Web Bundled 34ms index.js (1 module)
 LOG  [web] Logs will appear in the browser console
Web .\index.js ░░░░░░░░░░░░░░░░  0.0% (0/1)
Web Bundled 362ms index.js (1 module)
Web .\index.js ░░░░░░░░░░░░░░░░  0.0% (0/1)
Web Bundled 162ms index.js (1 module)
Web .\index.js ░░░░░░░░░░░░░░░░  0.0% (0/1)
Web Bundled 222ms index.js (1 module)
Web .\index.js ░░░░░░░░░░░░░░░░  0.0% (0/1)
Web Bundled 226ms index.js (1 module)
Web .\index.js ░░░░░░░░░░░░░░░░  0.0% (0/1)
Web Bundled 229ms index.js (1 module)
Web .\index.js ░░░░░░░░░░░░░░░░  0.0% (0/1)
Web Bundled 815ms index.js (1 module)
Web .\index.js ░░░░░░░░░░░░░░░░  0.0% (0/1)
Web Bundled 37ms index.js (1 module)
 LOG  [web] Logs will appear in the browser console
Web .\index.js ░░░░░░░░░░░░░░░░  0.0% (0/1)
Web Bundled 197ms index.js (1 module)
Web .\index.js ░░░░░░░░░░░░░░░░  0.0% (0/1)
Web Bundled 1346ms index.js (1 module)
Web .\index.js ░░░░░░░░░░░░░░░░  0.0% (0/1)
Web Bundled 189ms index.js (1 module)
Web .\index.js ░░░░░░░░░░░░░░░░  0.0% (0/1)
Web Bundled 35ms index.js (1 module)
 LOG  [web] Logs will appear in the browser console
Web .\index.js ░░░░░░░░░░░░░░░░  0.0% (0/1)
Web Bundled 229ms index.js (1 module)
Web .\index.js ░░░░░░░░░░░░░░░░  0.0% (0/1)
Web Bundled 595ms index.js (1 module)
Web .\index.js ░░░░░░░░░░░░░░░░  0.0% (0/1)
Web Bundled 1279ms index.js (1 module)
Web .\index.js ░░░░░░░░░░░░░░░░  0.0% (0/1)
Web Bundled 207ms index.js (1 module)
Web .\index.js ░░░░░░░░░░░░░░░░  0.0% (0/1)
Web Bundled 178ms index.js (1 module)
Web .\index.js ░░░░░░░░░░░░░░░░  0.0% (0/1)
Web Bundled 207ms index.js (1 module)
Web .\index.js ░░░░░░░░░░░░░░░░  0.0% (0/1)
Web Bundled 241ms index.js (1 module)
Web .\index.js ░░░░░░░░░░░░░░░░  0.0% (0/1)
Web Bundled 206ms index.js (1 module)
Web .\index.js ░░░░░░░░░░░░░░░░  0.0% (0/1)
Web Bundled 201ms index.js (1 module)
Web .\index.js ░░░░░░░░░░░░░░░░  0.0% (0/1)
Web Bundled 41ms index.js (1 module)
 LOG  [web] Logs will appear in the browser console
Web .\index.js ░░░░░░░░░░░░░░░░  0.0% (0/1)
Web Bundled 232ms index.js (1 module)
Web .\index.js ░░░░░░░░░░░░░░░░  0.0% (0/1)
Web Bundled 37ms index.js (1 module)
 LOG  [web] Logs will appear in the browser console
Web .\index.js ░░░░░░░░░░░░░░░░  0.0% (0/1)
Web Bundled 226ms index.js (1 module)
Web .\index.js ░░░░░░░░░░░░░░░░  0.0% (0/1)
Web Bundled 239ms index.js (1 module)
Web .\index.js ░░░░░░░░░░░░░░░░  0.0% (0/1)
Web Bundled 37ms index.js (1 module)
 LOG  [web] Logs will appear in the browser console
Web .\index.js ░░░░░░░░░░░░░░░░  0.0% (0/1)
Web Bundled 39ms index.js (1 module)
 LOG  [web] Logs will appear in the browser console
